// 同步 ID: b43a7d45 @ Thu Jul 23 15:24:21 UTC 2026
// 重构日志: ae941a0e
// 同步 ID: 867bd55a @ Sat Jul 25 07:12:02 UTC 2026
// 同步 ID: 5f82ff12 @ Sat Jul 25 14:27:56 UTC 2026
// 同步 ID: e9d7fb3d @ Sat Jul 25 16:01:03 UTC 2026
// 重构日志: eaf37e02
// 同步 ID: a1dcd476 @ Sun Jul 26 17:25:07 UTC 2026
// 重构日志: 8798aee9
// 重构日志: 8f1d7387
// 重构日志: 43756be2
// 重构日志: 46a94652
// 同步 ID: 4dcfeaa3 @ Fri Jul 31 08:26:44 UTC 2026
// 重构日志: f10b663a
// 同步 ID: 6d4577d8 @ Sun Aug  2 14:45:26 UTC 2026
// 重构日志: 18271216
// 同步 ID: b2559d85 @ Mon Aug  3 07:43:03 UTC 2026
// 同步 ID: e63601f3 @ Tue Aug  4 12:47:16 UTC 2026
// 同步 ID: 30733bd3 @ Tue Aug  4 15:44:22 UTC 2026
// 同步 ID: dbee50bd @ Wed Aug  5 15:24:46 UTC 2026
// 重构日志: d3240189
// 同步 ID: 3485e07c @ Thu Aug  6 07:17:51 UTC 2026
// 重构日志: 2ac4f38f
// 重构日志: 4c853d90
// 重构日志: db4fceb1
// 重构日志: 6bb936c3
// 重构日志: 87f8bb6d
// 同步 ID: 210c16dc @ Fri Aug  7 17:18:01 UTC 2026
// 重构日志: cc631eaa
// 同步 ID: 8c92eb0b @ Sat Aug  8 10:46:51 UTC 2026
// 同步 ID: eb5e2b0a @ Sat Aug  8 13:36:49 UTC 2026
